React Formik (with Zod) - Full Tutorial ðŸ”¥ðŸ”¥

https://github.com/piyush-eon/react-formik-tutorial-with-zod
https://github.com/Annie-Huang/react-formik-tutorial-with-zod

-----------------------------------------------------------------------------

PS C:\react> npm create vite@latest
Need to install the following packages:
create-vite@7.1.1
Ok to proceed? (y) y

npm warn EBADENGINE Unsupported engine {
npm warn EBADENGINE   package: 'create-vite@7.1.1',
npm warn EBADENGINE   required: { node: '^20.19.0 || >=22.12.0' },
npm warn EBADENGINE   current: { node: 'v20.17.0', npm: '11.4.2' }
npm warn EBADENGINE }

> npx
> create-vite

â”‚
â—‡  Project name:
â”‚  react-formik-tutorial-with-zod
â”‚
â—‡  Select a framework:
â”‚  React
â”‚
â—‡  Select a variant:
â”‚  TypeScript
â”‚
â—‡  Scaffolding project in C:\react\react-formik-tutorial-with-zod...
â”‚
â””  Done. Now run:

  cd react-formik-tutorial-with-zod
  npm install
  npm run dev

PS C:\react>

--------------------------------------


PS C:\react\react-formik-tutorial-with-zod> npm install
PS C:\react\react-formik-tutorial-with-zod> npm run dev

PS C:\react\react-formik-tutorial-with-zod> npm install react-datepicker
PS C:\react\react-formik-tutorial-with-zod> npm install formik zod zod-formik-adapter

- Add Hobby is adding a list of hobbies.
- When we tick 'Subscribe to Newsletter', then 'Referral Source' is required.
- If you don't fill the form and submit, it will show error.

- SimpleForm is the old way to deal with Form
